2025-09-07 09:56:40,584 - WARNING - 菜单绑定失败: 'menu'
2025-09-07 09:56:40,604 - INFO - Excel IP地址处理工具 v2.0 初始化完成
2025-09-07 09:56:53,753 - INFO - 已选择文件: D:/Project/ydyxm/济南汇总test.xlsx
2025-09-07 09:57:03,263 - INFO - ==================================================
2025-09-07 09:57:03,274 - INFO - 开始处理Excel文件
2025-09-07 09:57:03,281 - INFO - ==================================================
2025-09-07 09:57:03,296 - INFO - 开始处理文件: D:/Project/ydyxm/济南汇总test.xlsx
2025-09-07 09:57:03,311 - INFO - 正在读取Excel文件：D:/Project/ydyxm/济南汇总test.xlsx
2025-09-07 09:57:13,511 - INFO - 文件读取成功，数据形状：(239, 17)
2025-09-07 09:57:13,534 - INFO - 开始预处理Excel数据...
2025-09-07 09:57:13,567 - INFO - IP地址格式标准化完成，共处理 0 个IP地址
2025-09-07 09:57:13,604 - INFO - 开始检查网段一致性...
2025-09-07 09:57:13,634 - INFO - 网段一致性检查完成，发现 4 个不一致
2025-09-07 09:57:13,668 - INFO - 开始检测重复IP地址...
2025-09-07 09:57:13,709 - INFO - 重复IP检测完成，发现 63 个重复标记
2025-09-07 09:57:13,744 - INFO - 开始检测网段包含关系...
2025-09-07 09:57:13,767 - INFO - 网段包含关系检查完成，发现 1 个包含关系
2025-09-07 09:57:13,803 - INFO - 正在打开原文件：D:/Project/ydyxm/济南汇总test.xlsx
2025-09-07 09:57:26,233 - INFO - 原文件信息：工作表名='Sheet2', 行数=240, 列数=16360
2025-09-07 09:57:26,261 - INFO - 开始处理IP地址变更，共有 0 个需要修改
2025-09-07 09:57:26,284 - INFO - 没有需要修改的IP地址
2025-09-07 09:57:26,308 - INFO - 开始处理网段一致性检查结果，共有 4 个不一致
2025-09-07 09:57:26,345 - INFO - 网段一致性检查结果处理完成，共标记 4 个不一致
2025-09-07 09:57:26,368 - INFO - 网段包含检查结果处理完成，共标记 1 个包含关系
2025-09-07 09:57:26,395 - INFO - 正在保存检查结果文件：D:/Project/ydyxm\济南汇总test_checked.xlsx
2025-09-07 09:57:41,223 - INFO - 开始处理网段不一致情况...
2025-09-07 09:57:41,346 - INFO - 网段不一致处理完成
2025-09-07 09:57:41,375 - INFO - 开始处理第20列的重复标记...
2025-09-07 09:57:41,482 - INFO - 第20列重复标记处理完成
2025-09-07 09:57:41,527 - INFO - 开始处理第21列的网段包含标记...
2025-09-07 09:57:41,639 - INFO - 第21列网段包含标记处理完成
2025-09-07 09:57:41,685 - INFO - 正在保存处理后文件：D:/Project/ydyxm\济南汇总test_processed.xlsx
2025-09-07 09:57:56,552 - INFO - 开始清除19、20、21、22列的内容...
2025-09-07 09:59:31,445 - INFO - 19、20、21、22列内容已清除
2025-09-07 09:59:31,508 - INFO - 开始删除第1列内容为空的行...
2025-09-07 10:02:32,509 - INFO - 共删除了64行（第1列为空的行）
2025-09-07 10:02:32,604 - INFO - 正在保存最终结果文件：D:/Project/ydyxm\济南汇总test_result.xlsx
2025-09-07 10:02:42,698 - INFO - 文件处理完成，共生成3个文件：
2025-09-07 10:02:42,762 - INFO - 1. 检查结果: D:/Project/ydyxm\济南汇总test_checked.xlsx
2025-09-07 10:02:42,841 - INFO - 2. 处理过程: D:/Project/ydyxm\济南汇总test_processed.xlsx
2025-09-07 10:02:42,916 - INFO - 3. 最终结果: D:/Project/ydyxm\济南汇总test_result.xlsx
2025-09-07 10:02:42,989 - INFO - 处理完成！新文件已保存为：D:/Project/ydyxm\济南汇总test_result.xlsx
2025-09-07 10:02:43,076 - INFO - ==================================================
2025-09-07 10:02:43,132 - INFO - 处理完成！
2025-09-07 10:02:43,186 - INFO - ==================================================
2025-09-07 10:04:34,393 - INFO - 应用程序已退出
2025-09-07 10:04:40,688 - INFO - Excel IP地址处理工具 v2.0 初始化完成
2025-09-07 10:04:49,388 - INFO - 已选择文件: D:/Project/ydyxm/济南汇总test.xlsx
2025-09-07 10:04:51,959 - INFO - ==================================================
2025-09-07 10:04:51,969 - INFO - 开始处理Excel文件
2025-09-07 10:04:51,976 - INFO - ==================================================
2025-09-07 10:04:51,996 - INFO - 开始处理文件: D:/Project/ydyxm/济南汇总test.xlsx
2025-09-07 10:04:52,010 - INFO - 正在读取Excel文件：D:/Project/ydyxm/济南汇总test.xlsx
2025-09-07 10:05:02,398 - INFO - 文件读取成功，数据形状：(239, 17)
2025-09-07 10:05:02,425 - INFO - 开始预处理Excel数据...
2025-09-07 10:05:02,449 - INFO - IP地址格式标准化完成，共处理 0 个IP地址
2025-09-07 10:05:02,485 - INFO - 开始检查网段一致性...
2025-09-07 10:05:02,504 - INFO - 网段一致性检查完成，发现 4 个不一致
2025-09-07 10:05:02,539 - INFO - 开始检测重复IP地址...
2025-09-07 10:05:02,579 - INFO - 重复IP检测完成，发现 63 个重复标记
2025-09-07 10:05:02,613 - INFO - 开始检测网段包含关系...
2025-09-07 10:05:02,635 - INFO - 网段包含关系检查完成，发现 1 个包含关系
2025-09-07 10:05:02,671 - INFO - 正在打开原文件：D:/Project/ydyxm/济南汇总test.xlsx
2025-09-07 10:05:14,983 - INFO - 原文件信息：工作表名='Sheet2', 行数=240, 列数=16360
2025-09-07 10:05:14,998 - INFO - 开始处理IP地址变更，共有 0 个需要修改
2025-09-07 10:05:15,006 - INFO - 没有需要修改的IP地址
2025-09-07 10:05:15,013 - INFO - 开始处理网段一致性检查结果，共有 4 个不一致
2025-09-07 10:05:15,020 - INFO - 网段一致性检查结果处理完成，共标记 4 个不一致
2025-09-07 10:05:15,027 - INFO - 网段包含检查结果处理完成，共标记 1 个包含关系
2025-09-07 10:05:15,036 - INFO - 正在保存检查结果文件：D:/Project/ydyxm\济南汇总test_checked.xlsx
2025-09-07 10:05:29,719 - INFO - 开始处理网段不一致情况...
2025-09-07 10:05:29,819 - INFO - 网段不一致处理完成
2025-09-07 10:05:29,860 - INFO - 开始处理第20列的重复标记...
2025-09-07 10:05:29,968 - INFO - 第20列重复标记处理完成
2025-09-07 10:05:30,011 - INFO - 开始处理第21列的网段包含标记...
2025-09-07 10:05:30,120 - INFO - 第21列网段包含标记处理完成
2025-09-07 10:05:30,164 - INFO - 正在保存处理后文件：D:/Project/ydyxm\济南汇总test_processed.xlsx
2025-09-07 10:05:44,948 - INFO - 开始清除19、20、21、22列的内容...
2025-09-07 10:06:14,738 - INFO - 19、20、21、22列已删除
2025-09-07 10:06:14,793 - INFO - 开始删除第1列内容为空的行...
2025-09-07 10:09:30,354 - INFO - 删除进度: 已删除 50/64 行，还剩 14 行...
2025-09-07 10:10:29,893 - INFO - 共删除了64行（第1列为空的行）
2025-09-07 10:10:29,905 - INFO - 正在保存最终结果文件：D:/Project/ydyxm\济南汇总test_result.xlsx
2025-09-07 10:10:43,019 - INFO - 文件处理完成，共生成3个文件：
2025-09-07 10:10:43,031 - INFO - 1. 检查结果: D:/Project/ydyxm\济南汇总test_checked.xlsx
2025-09-07 10:10:43,046 - INFO - 2. 处理过程: D:/Project/ydyxm\济南汇总test_processed.xlsx
2025-09-07 10:10:43,060 - INFO - 3. 最终结果: D:/Project/ydyxm\济南汇总test_result.xlsx
2025-09-07 10:10:43,076 - INFO - 处理完成！新文件已保存为：D:/Project/ydyxm\济南汇总test_result.xlsx
2025-09-07 10:10:43,092 - INFO - ==================================================
2025-09-07 10:10:43,116 - INFO - 处理完成！
2025-09-07 10:10:43,141 - INFO - ==================================================
2025-09-07 10:11:58,237 - INFO - 已选择文件: D:/Project/ydyxm/testcp.xlsx
2025-09-07 10:12:07,734 - INFO - ==================================================
2025-09-07 10:12:07,779 - INFO - 开始处理Excel文件
2025-09-07 10:12:07,826 - INFO - ==================================================
2025-09-07 10:12:07,875 - INFO - 开始处理文件: D:/Project/ydyxm/testcp.xlsx
2025-09-07 10:12:07,922 - INFO - 正在读取Excel文件：D:/Project/ydyxm/testcp.xlsx
2025-09-07 10:12:08,035 - INFO - 文件读取成功，数据形状：(190, 18)
2025-09-07 10:12:08,112 - INFO - 开始预处理Excel数据...
2025-09-07 10:12:08,163 - INFO - IP地址格式标准化完成，共处理 59 个IP地址
2025-09-07 10:12:08,213 - INFO - 开始检查网段一致性...
2025-09-07 10:12:08,270 - INFO - 网段一致性检查完成，发现 3 个不一致
2025-09-07 10:12:08,334 - INFO - 开始检测重复IP地址...
2025-09-07 10:12:08,392 - INFO - 重复IP检测完成，发现 9 个重复标记
2025-09-07 10:12:08,442 - INFO - 开始检测网段包含关系...
2025-09-07 10:12:08,497 - INFO - 网段包含关系检查完成，发现 4 个包含关系
2025-09-07 10:12:08,571 - INFO - 正在打开原文件：D:/Project/ydyxm/testcp.xlsx
2025-09-07 10:12:08,696 - INFO - 原文件信息：工作表名='山东调度网段原始网段表格', 行数=191, 列数=30
2025-09-07 10:12:08,742 - INFO - 开始处理IP地址变更，共有 59 个需要修改
2025-09-07 10:12:08,812 - INFO - IP地址变更处理完成，共修改 59 个IP地址
2025-09-07 10:12:08,860 - INFO - 开始处理网段一致性检查结果，共有 3 个不一致
2025-09-07 10:12:08,929 - INFO - 网段一致性检查结果处理完成，共标记 3 个不一致
2025-09-07 10:12:08,975 - INFO - 网段包含检查结果处理完成，共标记 4 个包含关系
2025-09-07 10:12:09,020 - INFO - 正在保存检查结果文件：D:/Project/ydyxm\testcp_checked.xlsx
2025-09-07 10:12:09,152 - INFO - 开始处理网段不一致情况...
2025-09-07 10:12:09,229 - INFO - 网段不一致处理完成
2025-09-07 10:12:09,273 - INFO - 开始处理第20列的重复标记...
2025-09-07 10:12:09,339 - INFO - 第20列重复标记处理完成
2025-09-07 10:12:09,384 - INFO - 开始处理第21列的网段包含标记...
2025-09-07 10:12:09,429 - INFO - 第21列网段包含标记处理完成
2025-09-07 10:12:09,474 - INFO - 正在保存处理后文件：D:/Project/ydyxm\testcp_processed.xlsx
2025-09-07 10:12:09,604 - INFO - 开始清除19、20、21、22列的内容...
2025-09-07 10:12:09,665 - INFO - 19、20、21、22列已删除
2025-09-07 10:12:09,709 - INFO - 开始删除第1列内容为空的行...
2025-09-07 10:12:09,821 - INFO - 共删除了10行（第1列为空的行）
2025-09-07 10:12:09,893 - INFO - 正在保存最终结果文件：D:/Project/ydyxm\testcp_result.xlsx
2025-09-07 10:12:10,016 - INFO - 文件处理完成，共生成3个文件：
2025-09-07 10:12:10,060 - INFO - 1. 检查结果: D:/Project/ydyxm\testcp_checked.xlsx
2025-09-07 10:12:10,105 - INFO - 2. 处理过程: D:/Project/ydyxm\testcp_processed.xlsx
2025-09-07 10:12:10,172 - INFO - 3. 最终结果: D:/Project/ydyxm\testcp_result.xlsx
2025-09-07 10:12:10,243 - INFO - 处理完成！新文件已保存为：D:/Project/ydyxm\testcp_result.xlsx
2025-09-07 10:12:10,293 - INFO - ==================================================
2025-09-07 10:12:10,353 - INFO - 处理完成！
2025-09-07 10:12:10,393 - INFO - ==================================================
2025-09-07 10:17:59,225 - INFO - 应用程序已退出
2025-09-07 10:18:02,842 - INFO - Excel IP地址处理工具 v2.0 初始化完成
2025-09-07 10:18:27,661 - INFO - 应用程序已退出
2025-09-07 10:18:41,635 - INFO - Excel IP地址处理工具 v2.0 初始化完成
2025-09-07 10:18:49,060 - INFO - 应用程序已退出
2025-09-07 10:20:40,331 - INFO - Excel IP地址处理工具 v2.0 初始化完成
2025-09-07 10:20:48,722 - INFO - 应用程序已退出
2025-09-07 10:21:00,875 - INFO - Excel IP地址处理工具 v2.0 初始化完成
2025-09-07 10:22:33,547 - INFO - 应用程序已退出
2025-09-07 10:48:23,533 - INFO - Excel IP地址处理工具 v2.0 初始化完成
2025-09-07 10:48:32,866 - INFO - 已选择文件: D:/Project/ydyxm/testcp.xlsx
2025-09-07 10:48:33,801 - INFO - ==================================================
2025-09-07 10:48:33,807 - INFO - 开始处理Excel文件
2025-09-07 10:48:33,816 - INFO - ==================================================
2025-09-07 10:48:33,837 - INFO - 开始处理文件: D:/Project/ydyxm/testcp.xlsx
2025-09-07 10:48:33,852 - INFO - 正在读取Excel文件：D:/Project/ydyxm/testcp.xlsx
2025-09-07 10:48:33,912 - INFO - 文件读取成功，数据形状：(190, 18)
2025-09-07 10:48:33,936 - INFO - 开始预处理Excel数据...
2025-09-07 10:48:33,953 - INFO - IP地址格式标准化完成，共处理 59 个IP地址
2025-09-07 10:48:33,978 - INFO - 开始检查网段一致性...
2025-09-07 10:48:34,003 - INFO - 网段一致性检查完成，发现 3 个不一致
2025-09-07 10:48:34,021 - INFO - 开始检测重复IP地址...
2025-09-07 10:48:34,061 - INFO - 重复IP检测完成，发现 9 个重复标记
2025-09-07 10:48:34,092 - INFO - 开始检测网段包含关系...
2025-09-07 10:48:34,127 - INFO - 网段包含关系检查完成，发现 4 个包含关系
2025-09-07 10:48:34,150 - INFO - 正在打开原文件：D:/Project/ydyxm/testcp.xlsx
2025-09-07 10:48:34,211 - INFO - 原文件信息：工作表名='山东调度网段原始网段表格', 行数=191, 列数=30
2025-09-07 10:48:34,228 - INFO - 开始处理IP地址变更，共有 59 个需要修改
2025-09-07 10:48:34,263 - INFO - IP地址变更处理完成，共修改 59 个IP地址
2025-09-07 10:48:34,306 - INFO - 开始处理网段一致性检查结果，共有 3 个不一致
2025-09-07 10:48:34,335 - INFO - 网段一致性检查结果处理完成，共标记 3 个不一致
2025-09-07 10:48:34,357 - INFO - 网段包含检查结果处理完成，共标记 4 个包含关系
2025-09-07 10:48:34,379 - INFO - 正在保存检查结果文件：D:/Project/ydyxm\testcp_checked.xlsx
2025-09-07 10:48:34,461 - INFO - 开始处理网段不一致情况...
2025-09-07 10:48:34,499 - INFO - 网段不一致处理完成
2025-09-07 10:48:34,541 - INFO - 开始处理第20列的重复标记...
2025-09-07 10:48:34,587 - INFO - 第20列重复标记处理完成
2025-09-07 10:48:34,631 - INFO - 开始处理第21列的网段包含标记...
2025-09-07 10:48:34,657 - INFO - 第21列网段包含标记处理完成
2025-09-07 10:48:34,686 - INFO - 正在保存处理后文件：D:/Project/ydyxm\testcp_processed.xlsx
2025-09-07 10:48:34,790 - INFO - 开始清除19、20、21、22列的内容...
2025-09-07 10:48:34,835 - INFO - 19、20、21、22列已删除
2025-09-07 10:48:34,866 - INFO - 开始删除第1列内容为空的行...
2025-09-07 10:48:34,964 - INFO - 共删除了10行（第1列为空的行）
2025-09-07 10:48:34,994 - INFO - 正在保存最终结果文件：D:/Project/ydyxm\testcp_result.xlsx
2025-09-07 10:48:35,097 - INFO - 文件处理完成，共生成3个文件：
2025-09-07 10:48:35,130 - INFO - 1. 检查结果: D:/Project/ydyxm\testcp_checked.xlsx
2025-09-07 10:48:35,164 - INFO - 2. 处理过程: D:/Project/ydyxm\testcp_processed.xlsx
2025-09-07 10:48:35,203 - INFO - 3. 最终结果: D:/Project/ydyxm\testcp_result.xlsx
2025-09-07 10:48:35,246 - INFO - 处理完成！新文件已保存为：D:/Project/ydyxm\testcp_result.xlsx
2025-09-07 10:48:35,289 - INFO - ==================================================
2025-09-07 10:48:35,350 - INFO - 处理完成！
2025-09-07 10:48:35,422 - INFO - ==================================================
2025-09-07 10:48:35,465 - ERROR - 处理过程中出现错误：name 'datetime' is not defined
2025-09-07 10:48:35,548 - ERROR - 处理失败
2025-09-07 10:49:02,832 - INFO - 应用程序已退出
2025-09-07 10:49:05,232 - INFO - Excel IP地址处理工具 v2.0 初始化完成
2025-09-07 10:49:11,055 - INFO - 已选择文件: D:/Project/ydyxm/testcp.xlsx
2025-09-07 10:49:11,847 - INFO - ==================================================
2025-09-07 10:49:11,852 - INFO - 开始处理Excel文件
2025-09-07 10:49:11,859 - INFO - ==================================================
2025-09-07 10:49:11,876 - INFO - 开始处理文件: D:/Project/ydyxm/testcp.xlsx
2025-09-07 10:49:11,884 - INFO - 正在读取Excel文件：D:/Project/ydyxm/testcp.xlsx
2025-09-07 10:49:11,939 - INFO - 文件读取成功，数据形状：(190, 18)
2025-09-07 10:49:11,957 - INFO - 开始预处理Excel数据...
2025-09-07 10:49:11,973 - INFO - IP地址格式标准化完成，共处理 59 个IP地址
2025-09-07 10:49:11,994 - INFO - 开始检查网段一致性...
2025-09-07 10:49:12,011 - INFO - 网段一致性检查完成，发现 3 个不一致
2025-09-07 10:49:12,026 - INFO - 开始检测重复IP地址...
2025-09-07 10:49:12,062 - INFO - 重复IP检测完成，发现 9 个重复标记
2025-09-07 10:49:12,088 - INFO - 开始检测网段包含关系...
2025-09-07 10:49:12,111 - INFO - 网段包含关系检查完成，发现 4 个包含关系
2025-09-07 10:49:12,140 - INFO - 正在打开原文件：D:/Project/ydyxm/testcp.xlsx
2025-09-07 10:49:12,200 - INFO - 原文件信息：工作表名='山东调度网段原始网段表格', 行数=191, 列数=30
2025-09-07 10:49:12,228 - INFO - 开始处理IP地址变更，共有 59 个需要修改
2025-09-07 10:49:12,259 - INFO - IP地址变更处理完成，共修改 59 个IP地址
2025-09-07 10:49:12,291 - INFO - 开始处理网段一致性检查结果，共有 3 个不一致
2025-09-07 10:49:12,335 - INFO - 网段一致性检查结果处理完成，共标记 3 个不一致
2025-09-07 10:49:12,356 - INFO - 网段包含检查结果处理完成，共标记 4 个包含关系
2025-09-07 10:49:12,376 - INFO - 正在保存检查结果文件：D:/Project/ydyxm\testcp_checked.xlsx
2025-09-07 10:49:12,481 - INFO - 开始处理网段不一致情况...
2025-09-07 10:49:12,519 - INFO - 网段不一致处理完成
2025-09-07 10:49:12,558 - INFO - 开始处理第20列的重复标记...
2025-09-07 10:49:12,583 - INFO - 第20列重复标记处理完成
2025-09-07 10:49:12,624 - INFO - 开始处理第21列的网段包含标记...
2025-09-07 10:49:12,671 - INFO - 第21列网段包含标记处理完成
2025-09-07 10:49:12,702 - INFO - 正在保存处理后文件：D:/Project/ydyxm\testcp_processed.xlsx
2025-09-07 10:49:12,804 - INFO - 开始清除19、20、21、22列的内容...
2025-09-07 10:49:12,867 - INFO - 19、20、21、22列已删除
2025-09-07 10:49:12,917 - INFO - 开始删除第1列内容为空的行...
2025-09-07 10:49:13,009 - INFO - 共删除了10行（第1列为空的行）
2025-09-07 10:49:13,063 - INFO - 正在保存最终结果文件：D:/Project/ydyxm\testcp_result.xlsx
2025-09-07 10:49:13,142 - INFO - 文件处理完成，共生成3个文件：
2025-09-07 10:49:13,203 - INFO - 1. 检查结果: D:/Project/ydyxm\testcp_checked.xlsx
2025-09-07 10:49:13,235 - INFO - 2. 处理过程: D:/Project/ydyxm\testcp_processed.xlsx
2025-09-07 10:49:13,289 - INFO - 3. 最终结果: D:/Project/ydyxm\testcp_result.xlsx
2025-09-07 10:49:13,339 - INFO - 处理完成！新文件已保存为：D:/Project/ydyxm\testcp_result.xlsx
2025-09-07 10:49:13,381 - INFO - ==================================================
2025-09-07 10:49:13,415 - INFO - 处理完成！
2025-09-07 10:49:13,455 - INFO - ==================================================
2025-09-07 10:52:09,524 - INFO - 已选择文件: D:/Project/ydyxm/内蒙在线.xlsx
2025-09-07 10:52:10,714 - INFO - ==================================================
2025-09-07 10:52:10,752 - INFO - 开始处理Excel文件
2025-09-07 10:52:10,791 - INFO - ==================================================
2025-09-07 10:52:10,837 - INFO - 开始处理文件: D:/Project/ydyxm/内蒙在线.xlsx
2025-09-07 10:52:10,880 - INFO - 正在读取Excel文件：D:/Project/ydyxm/内蒙在线.xlsx
2025-09-07 10:52:10,967 - INFO - 文件读取成功，数据形状：(61, 18)
2025-09-07 10:52:11,014 - INFO - 开始预处理Excel数据...
2025-09-07 10:52:11,086 - INFO - IP地址格式标准化完成，共处理 14 个IP地址
2025-09-07 10:52:11,159 - INFO - 开始检查网段一致性...
2025-09-07 10:52:11,202 - INFO - 网段一致性检查完成，发现 2 个不一致
2025-09-07 10:52:11,275 - INFO - 开始检测重复IP地址...
2025-09-07 10:52:11,361 - INFO - 重复IP检测完成，发现 0 个重复标记
2025-09-07 10:52:11,437 - INFO - 开始检测网段包含关系...
2025-09-07 10:52:11,488 - INFO - 网段包含关系检查完成，发现 10 个包含关系
2025-09-07 10:52:11,570 - INFO - 正在打开原文件：D:/Project/ydyxm/内蒙在线.xlsx
2025-09-07 10:52:11,645 - INFO - 原文件信息：工作表名='Sheet1', 行数=62, 列数=18
2025-09-07 10:52:11,717 - INFO - 开始处理IP地址变更，共有 14 个需要修改
2025-09-07 10:52:11,759 - INFO - IP地址变更处理完成，共修改 14 个IP地址
2025-09-07 10:52:11,827 - INFO - 开始处理网段一致性检查结果，共有 2 个不一致
2025-09-07 10:52:11,871 - INFO - 网段一致性检查结果处理完成，共标记 2 个不一致
2025-09-07 10:52:11,943 - INFO - 网段包含检查结果处理完成，共标记 10 个包含关系
2025-09-07 10:52:11,988 - INFO - 正在保存检查结果文件：D:/Project/ydyxm\内蒙在线_checked.xlsx
2025-09-07 10:52:12,088 - INFO - 开始处理网段不一致情况...
2025-09-07 10:52:12,155 - INFO - 网段不一致处理完成
2025-09-07 10:52:12,237 - INFO - 开始处理第20列的重复标记...
2025-09-07 10:52:12,333 - INFO - 第20列重复标记处理完成
2025-09-07 10:52:12,377 - INFO - 开始处理第21列的网段包含标记...
2025-09-07 10:52:12,445 - INFO - 第21列网段包含标记处理完成
2025-09-07 10:52:12,511 - INFO - 正在保存处理后文件：D:/Project/ydyxm\内蒙在线_processed.xlsx
2025-09-07 10:52:12,580 - INFO - 开始清除19、20、21、22列的内容...
2025-09-07 10:52:12,647 - INFO - 19、20、21、22列已删除
2025-09-07 10:52:12,693 - INFO - 开始删除第1列内容为空的行...
2025-09-07 10:52:12,744 - INFO - 共删除了10行（第1列为空的行）
2025-09-07 10:52:12,815 - INFO - 正在保存最终结果文件：D:/Project/ydyxm\内蒙在线_result.xlsx
2025-09-07 10:52:12,909 - INFO - 文件处理完成，共生成3个文件：
2025-09-07 10:52:12,954 - INFO - 1. 检查结果: D:/Project/ydyxm\内蒙在线_checked.xlsx
2025-09-07 10:52:12,997 - INFO - 2. 处理过程: D:/Project/ydyxm\内蒙在线_processed.xlsx
2025-09-07 10:52:13,065 - INFO - 3. 最终结果: D:/Project/ydyxm\内蒙在线_result.xlsx
2025-09-07 10:52:13,139 - INFO - 处理完成！新文件已保存为：D:/Project/ydyxm\内蒙在线_result.xlsx
2025-09-07 10:52:13,206 - INFO - ==================================================
2025-09-07 10:52:13,251 - INFO - 处理完成！
2025-09-07 10:52:13,311 - INFO - ==================================================
2025-09-07 10:52:23,148 - INFO - 应用程序已退出
2025-09-07 10:56:36,602 - INFO - Excel IP地址处理工具 v2.0 初始化完成
2025-09-07 10:56:43,912 - INFO - 已选择文件: D:/Project/ydyxm/济南汇总test.xlsx
2025-09-07 10:56:45,117 - INFO - ==================================================
2025-09-07 10:56:45,125 - INFO - 开始处理Excel文件
2025-09-07 10:56:45,131 - INFO - ==================================================
2025-09-07 10:56:45,149 - INFO - 开始处理文件: D:/Project/ydyxm/济南汇总test.xlsx
2025-09-07 10:56:45,161 - INFO - 正在读取Excel文件：D:/Project/ydyxm/济南汇总test.xlsx
2025-09-07 10:56:46,977 - INFO - 用户请求取消处理
2025-09-07 10:56:47,042 - INFO - 正在取消处理...
2025-09-07 10:56:56,381 - INFO - 文件读取成功，数据形状：(239, 17)
2025-09-07 10:58:10,054 - INFO - 应用程序已退出
2025-09-07 10:59:03,957 - INFO - Excel IP地址处理工具 v2.0 初始化完成
2025-09-07 10:59:09,224 - INFO - 已选择文件: D:/Project/ydyxm/济南汇总test.xlsx
2025-09-07 10:59:10,201 - INFO - ==================================================
2025-09-07 10:59:10,208 - INFO - 开始处理Excel文件
2025-09-07 10:59:10,215 - INFO - ==================================================
2025-09-07 10:59:10,229 - INFO - 开始处理文件: D:/Project/ydyxm/济南汇总test.xlsx
2025-09-07 10:59:10,240 - INFO - 正在读取Excel文件：D:/Project/ydyxm/济南汇总test.xlsx
2025-09-07 10:59:12,167 - INFO - 用户请求取消处理
2025-09-07 10:59:12,190 - INFO - 正在取消处理...
2025-09-07 10:59:20,855 - INFO - 文件读取完成后检测到取消请求
2025-09-07 10:59:20,875 - INFO - 处理已取消
2025-09-07 10:59:20,900 - INFO - 用户已取消处理
2025-09-07 10:59:20,931 - INFO - 处理线程结束时检测到取消状态
2025-09-07 10:59:20,951 - INFO - 用户已取消处理
2025-09-07 10:59:25,466 - INFO - ==================================================
2025-09-07 10:59:25,480 - INFO - 开始处理Excel文件
2025-09-07 10:59:25,495 - INFO - ==================================================
2025-09-07 10:59:25,520 - INFO - 开始处理文件: D:/Project/ydyxm/济南汇总test.xlsx
2025-09-07 10:59:25,538 - INFO - 正在读取Excel文件：D:/Project/ydyxm/济南汇总test.xlsx
2025-09-07 10:59:35,629 - INFO - 文件读取成功，数据形状：(239, 17)
2025-09-07 10:59:35,667 - INFO - 开始预处理Excel数据...
2025-09-07 10:59:35,692 - INFO - IP地址格式标准化完成，共处理 0 个IP地址
2025-09-07 10:59:35,732 - INFO - 开始检查网段一致性...
2025-09-07 10:59:35,760 - INFO - 网段一致性检查完成，发现 4 个不一致
2025-09-07 10:59:35,784 - INFO - 开始检测重复IP地址...
2025-09-07 10:59:35,836 - INFO - 重复IP检测完成，发现 63 个重复标记
2025-09-07 10:59:35,883 - INFO - 开始检测网段包含关系...
2025-09-07 10:59:35,912 - INFO - 网段包含关系检查完成，发现 1 个包含关系
2025-09-07 10:59:35,942 - INFO - 正在打开原文件：D:/Project/ydyxm/济南汇总test.xlsx
2025-09-07 10:59:48,224 - INFO - 原文件信息：工作表名='Sheet2', 行数=240, 列数=16360
2025-09-07 10:59:48,269 - INFO - 开始处理IP地址变更，共有 0 个需要修改
2025-09-07 10:59:48,331 - INFO - 没有需要修改的IP地址
2025-09-07 10:59:48,358 - INFO - 开始处理网段一致性检查结果，共有 4 个不一致
2025-09-07 10:59:48,407 - INFO - 网段一致性检查结果处理完成，共标记 4 个不一致
2025-09-07 10:59:48,460 - INFO - 网段包含检查结果处理完成，共标记 1 个包含关系
2025-09-07 10:59:48,491 - INFO - 正在保存检查结果文件：D:/Project/ydyxm\济南汇总test_checked.xlsx
2025-09-07 11:00:02,936 - INFO - 开始处理网段不一致情况...
2025-09-07 11:00:03,035 - INFO - 网段不一致处理完成
2025-09-07 11:00:03,091 - INFO - 开始处理第20列的重复标记...
2025-09-07 11:00:03,213 - INFO - 第20列重复标记处理完成
2025-09-07 11:00:03,247 - INFO - 开始处理第21列的网段包含标记...
2025-09-07 11:00:03,346 - INFO - 第21列网段包含标记处理完成
2025-09-07 11:00:03,409 - INFO - 正在保存处理后文件：D:/Project/ydyxm\济南汇总test_processed.xlsx
2025-09-07 11:00:17,662 - INFO - 开始清除19、20、21、22列的内容...
2025-09-07 11:00:23,112 - INFO - 用户请求取消处理
2025-09-07 11:00:23,210 - INFO - 正在取消处理...
2025-09-07 11:00:27,873 - INFO - 文件保存阶段检测到取消请求
2025-09-07 11:00:27,919 - INFO - 用户已取消处理
2025-09-07 11:00:27,998 - INFO - 处理线程结束时检测到取消状态
2025-09-07 11:00:28,051 - INFO - 用户已取消处理
2025-09-07 11:00:45,939 - INFO - 已选择文件: D:/Project/ydyxm/内蒙在线.xlsx
2025-09-07 11:00:46,900 - INFO - ==================================================
2025-09-07 11:00:46,947 - INFO - 开始处理Excel文件
2025-09-07 11:00:46,995 - INFO - ==================================================
2025-09-07 11:00:47,050 - INFO - 开始处理文件: D:/Project/ydyxm/内蒙在线.xlsx
2025-09-07 11:00:47,099 - INFO - 正在读取Excel文件：D:/Project/ydyxm/内蒙在线.xlsx
2025-09-07 11:00:47,206 - INFO - 文件读取成功，数据形状：(61, 18)
2025-09-07 11:00:47,262 - INFO - 开始预处理Excel数据...
2025-09-07 11:00:47,342 - INFO - IP地址格式标准化完成，共处理 14 个IP地址
2025-09-07 11:00:47,394 - INFO - 开始检查网段一致性...
2025-09-07 11:00:47,448 - INFO - 网段一致性检查完成，发现 2 个不一致
2025-09-07 11:00:47,539 - INFO - 开始检测重复IP地址...
2025-09-07 11:00:47,593 - INFO - 重复IP检测完成，发现 0 个重复标记
2025-09-07 11:00:47,645 - INFO - 开始检测网段包含关系...
2025-09-07 11:00:47,699 - INFO - 网段包含关系检查完成，发现 10 个包含关系
2025-09-07 11:00:47,751 - INFO - 正在打开原文件：D:/Project/ydyxm/内蒙在线.xlsx
2025-09-07 11:00:47,856 - INFO - 原文件信息：工作表名='Sheet1', 行数=62, 列数=18
2025-09-07 11:00:47,930 - INFO - 开始处理IP地址变更，共有 14 个需要修改
2025-09-07 11:00:48,010 - INFO - IP地址变更处理完成，共修改 14 个IP地址
2025-09-07 11:00:48,092 - INFO - 开始处理网段一致性检查结果，共有 2 个不一致
2025-09-07 11:00:48,175 - INFO - 网段一致性检查结果处理完成，共标记 2 个不一致
2025-09-07 11:00:48,224 - INFO - 网段包含检查结果处理完成，共标记 10 个包含关系
2025-09-07 11:00:48,311 - INFO - 正在保存检查结果文件：D:/Project/ydyxm\内蒙在线_checked.xlsx
2025-09-07 11:00:48,412 - INFO - 开始处理网段不一致情况...
2025-09-07 11:00:48,459 - INFO - 网段不一致处理完成
2025-09-07 11:00:48,540 - INFO - 开始处理第20列的重复标记...
2025-09-07 11:00:48,587 - INFO - 第20列重复标记处理完成
2025-09-07 11:00:48,635 - INFO - 开始处理第21列的网段包含标记...
2025-09-07 11:00:48,714 - INFO - 第21列网段包含标记处理完成
2025-09-07 11:00:48,762 - INFO - 正在保存处理后文件：D:/Project/ydyxm\内蒙在线_processed.xlsx
2025-09-07 11:00:48,859 - INFO - 开始清除19、20、21、22列的内容...
2025-09-07 11:00:48,934 - INFO - 19、20、21、22列已删除
2025-09-07 11:00:48,985 - INFO - 开始删除第1列内容为空的行...
2025-09-07 11:00:49,064 - INFO - 共删除了10行（第1列为空的行）
2025-09-07 11:00:49,137 - INFO - 正在保存最终结果文件：D:/Project/ydyxm\内蒙在线_result.xlsx
2025-09-07 11:00:49,244 - INFO - 文件处理完成，共生成3个文件：
2025-09-07 11:00:49,334 - INFO - 1. 检查结果: D:/Project/ydyxm\内蒙在线_checked.xlsx
2025-09-07 11:00:49,384 - INFO - 2. 处理过程: D:/Project/ydyxm\内蒙在线_processed.xlsx
2025-09-07 11:00:49,459 - INFO - 3. 最终结果: D:/Project/ydyxm\内蒙在线_result.xlsx
2025-09-07 11:00:49,511 - INFO - 处理完成！新文件已保存为：D:/Project/ydyxm\内蒙在线_result.xlsx
2025-09-07 11:00:49,567 - INFO - ==================================================
2025-09-07 11:00:49,615 - INFO - 处理完成！
2025-09-07 11:00:49,666 - INFO - ==================================================
2025-09-07 11:00:56,135 - INFO - 应用程序已退出
